<?xml version="1.0" encoding="UTF-8"?>
<testsuites name="rstest tests" tests="34" failures="0" errors="0" skipped="0" time="1.734" timestamp="2026-07-22T23:39:17.055Z">
  <testsuite name="tests/encryption.test.ts" tests="20" failures="0" errors="0" skipped="0" time="0.17400000000000004" timestamp="2026-07-22T23:39:17.049Z">
    <testcase name="Encryption Helper &gt; AES-GCM: Encriptar y desencriptar texto basico" classname="tests/encryption.test.ts" time="0.059">
    </testcase>
    <testcase name="Encryption Helper &gt; AES-GCM: Encriptar y desencriptar texto largo (1000 caracteres)" classname="tests/encryption.test.ts" time="0.004">
    </testcase>
    <testcase name="Encryption Helper &gt; AES-GCM: Encriptar y desencriptar texto vacio" classname="tests/encryption.test.ts" time="0.003">
    </testcase>
    <testcase name="Encryption Helper &gt; AES-GCM: Encriptar y desencriptar con caracteres especiales" classname="tests/encryption.test.ts" time="0.005">
    </testcase>
    <testcase name="Encryption Helper &gt; AES-GCM: Encriptar y desencriptar con unicode (chino, arabe, emoji)" classname="tests/encryption.test.ts" time="0.012">
    </testcase>
    <testcase name="Encryption Helper &gt; AES-GCM: Encriptar y desencriptar con saltos de linea y tabs" classname="tests/encryption.test.ts" time="0.01">
    </testcase>
    <testcase name="Encryption Helper &gt; AES-CBC: Encriptar y desencriptar texto basico" classname="tests/encryption.test.ts" time="0.012">
    </testcase>
    <testcase name="Encryption Helper &gt; AES-CBC: Encriptar y desencriptar con IV personalizado" classname="tests/encryption.test.ts" time="0.005">
    </testcase>
    <testcase name="Encryption Helper &gt; AES-CBC: Encriptar y desencriptar texto largo" classname="tests/encryption.test.ts" time="0.008">
    </testcase>
    <testcase name="Encryption Helper &gt; AES-CTR: Encriptar y desencriptar texto basico" classname="tests/encryption.test.ts" time="0.003">
    </testcase>
    <testcase name="Encryption Helper &gt; AES-CTR: Encriptar y desencriptar con length 32 bits" classname="tests/encryption.test.ts" time="0.001">
    </testcase>
    <testcase name="Encryption Helper &gt; AES-CTR: Encriptar y desencriptar texto largo" classname="tests/encryption.test.ts" time="0.002">
    </testcase>
    <testcase name="Encryption Helper &gt; AES-GCM: Diferentes IVs generan diferentes ciphertexts" classname="tests/encryption.test.ts" time="0.003">
    </testcase>
    <testcase name="Encryption Helper &gt; AES-GCM: Ciphertext alterado lanza excepcion" classname="tests/encryption.test.ts" time="0.002">
    </testcase>
    <testcase name="Encryption Helper &gt; IV generado tiene tamaño correcto para GCM (12 bytes)" classname="tests/encryption.test.ts" time="0.004">
    </testcase>
    <testcase name="Encryption Helper &gt; IV generado tiene tamaño correcto para CBC (16 bytes)" classname="tests/encryption.test.ts" time="0.002">
    </testcase>
    <testcase name="Encryption Helper &gt; IV generado tiene tamaño correcto para CTR (16 bytes)" classname="tests/encryption.test.ts" time="0.001">
    </testcase>
    <testcase name="Encryption Helper &gt; Exportar e importar key permite desencriptar datos" classname="tests/encryption.test.ts" time="0.012">
    </testcase>
    <testcase name="Encryption Helper &gt; Performance: Encriptar 50 mensajes en &lt; 500ms" classname="tests/encryption.test.ts" time="0.014">
    </testcase>
    <testcase name="Encryption Helper &gt; Performance: Desencriptar 50 mensajes en &lt; 400ms" classname="tests/encryption.test.ts" time="0.012">
    </testcase>
  </testsuite>
  <testsuite name="tests/hash.test.ts" tests="4" failures="0" errors="0" skipped="0" time="0.053000000000000005" timestamp="2026-07-22T23:39:17.054Z">
    <testcase name="Hash SHA-1" classname="tests/hash.test.ts" time="0.044">
    </testcase>
    <testcase name="Hash SHA-256" classname="tests/hash.test.ts" time="0.003">
    </testcase>
    <testcase name="Hash SHA-384" classname="tests/hash.test.ts" time="0.004">
    </testcase>
    <testcase name="Hash SHA-512" classname="tests/hash.test.ts" time="0.002">
    </testcase>
  </testsuite>
  <testsuite name="tests/signature.test.ts" tests="10" failures="0" errors="0" skipped="0" time="0.896" timestamp="2026-07-22T23:39:17.054Z">
    <testcase name="Signature Helper &gt; HMAC: Firmar y verificar correctamente un texto" classname="tests/signature.test.ts" time="0.041">
    </testcase>
    <testcase name="Signature Helper &gt; ECDSA: Firmar y verificar correctamente un texto" classname="tests/signature.test.ts" time="0.027">
    </testcase>
    <testcase name="Signature Helper &gt; RSASSA-PKCS1-v1_5: Firmar y verificar correctamente un texto" classname="tests/signature.test.ts" time="0.318">
    </testcase>
    <testcase name="Signature Helper &gt; RSA-PSS: Firmar y verificar usando el parametro de salt" classname="tests/signature.test.ts" time="0.243">
    </testcase>
    <testcase name="Signature Helper &gt; ECDSA: Permitir cambiar el algoritmo de Hash (SHA-384)" classname="tests/signature.test.ts" time="0.003">
    </testcase>
    <testcase name="Signature Helper &gt; ECDSA: Firmar pasando solo la privada suelta en vez del par completo" classname="tests/signature.test.ts" time="0.005">
    </testcase>
    <testcase name="Signature Helper &gt; RSASSA-PKCS1-v1_5: Firmar pasando solo la privada suelta" classname="tests/signature.test.ts" time="0.234">
    </testcase>
    <testcase name="Signature Helper &gt; HMAC: Firmas alternas de la misma data producen el mismo resultado" classname="tests/signature.test.ts" time="0.001">
    </testcase>
    <testcase name="Signature Helper &gt; Performance: Firmar 100 mensajes en &lt; 500ms" classname="tests/signature.test.ts" time="0.013">
    </testcase>
    <testcase name="Signature Helper &gt; Performance: Verificar 100 firmas en &lt; 300ms" classname="tests/signature.test.ts" time="0.011">
    </testcase>
  </testsuite>
</testsuites>